// Jest Snapshot v1, https://goo.gl/fbAQLP

exports[`QueryResponse - snapshot test renders correctly 1`] = `
<div>
  <h1>
    Query Response
  </h1>
</div>
`;
